
> health-calc@0.1.0 build
> next build

Gû¦ Next.js 16.1.6 (Turbopack)

  Creating an optimized production build ...
G£ô Compiled successfully in 30.5s
  Running TypeScript ...
node.exe : Failed to compile.
At line:1 char:1
+ & "C:\Program 
Files\nodejs/node.exe" 
"C:\Program 
Files\nodejs/node_mo ...
+ ~~~~~~~~~~~~~~~~~~~~~~~~~~~~~
~~~~~~~~~~~~~~~~~~~~~~~~~~~~~~~
~~~~~~~~~
    + CategoryInfo          :  
   NotSpecified: (Failed to c  
  ompile.:String) [], Remote   
 Exception
    + FullyQualifiedErrorId :  
   NativeCommandError
 

./src/app/(calculators)/decking
-cost-calculator-uk/page.tsx:66
:30
Type error: Cannot find name 
'Layers'.

[0m [90m 64 |[39m           
          
[33m<[39m[33mdiv[39m classN
ame[33m=[39m[32m"bg-white/80
 dark:bg-card/50 
backdrop-blur-md border 
border-slate-200 
dark:border-slate-800 p-8 
md:p-12 rounded-3xl shadow-[0_4
px_20px_-4px_rgba(0,0,0,0.05)]"
[39m[33m>[39m
 [90m 65 |[39m               
          
[33m<[39m[33mh2[39m classNa
me[33m=[39m[32m"text-3xl 
font-bold text-slate-900 
dark:text-slate-100 mb-8 
border-b border-slate-200 
dark:border-slate-800 pb-4 
flex items-center 
gap-3"[39m[33m>[39m
[31m[1m>[22m[39m[90m 66 
|[39m                         
    
[33m<[39m[33mLayers[39m 
className[33m=[39m[32m"w-8 
h-8 text-green-500"[39m 
[33m/[39m[33m>[39m
 [90m    |[39m               
               
[31m[1m^[22m[39m
 [90m 67 |[39m               
              [33mA[39m 
[33mGuide[39m to 
[33mGarden[39m 
[33mDecking[39m
 [90m 68 |[39m               
          [33m<[39m[33m/[39
m[33mh2[39m[33m>[39m
 [90m 69 |[39m[0m
Next.js build worker exited 
with code: 1 and signal: null

