
> health-calc@0.1.0 build
> next build

node.exe : ⨯ Unable to acquire 
lock at C:\Users\Sulzax_Dev\Des
ktop\calzonev2\CalZone\.next\lo
ck, is another instance of 
next build running?
At line:1 char:1
+ & "C:\Program 
Files\nodejs/node.exe" 
"C:\Program 
Files\nodejs/node_mo ...
+ ~~~~~~~~~~~~~~~~~~~~~~~~~~~~~
~~~~~~~~~~~~~~~~~~~~~~~~~~~~~~~
~~~~~~~~~
    + CategoryInfo          :  
   NotSpecified: (⨯ Unable to  
   acq... build running?:Str   
 ing) [], RemoteException
    + FullyQualifiedErrorId :  
   NativeCommandError
 
  Suggestion: If you intended to restart next build, terminate the other process, and then try again.
