src/app/(calculators)/double-glazing-cost-calculator-uk/page.tsx(143,13): error TS1005: ')' expected.
src/app/(calculators)/double-glazing-cost-calculator-uk/page.tsx(177,5): error TS1128: Declaration or statement expected.
src/app/(calculators)/drink-drive-limit-calculator-uk/page.tsx(184,13): error TS1005: ')' expected.
src/app/(calculators)/drink-drive-limit-calculator-uk/page.tsx(218,5): error TS1128: Declaration or statement expected.
src/app/(calculators)/ev-charging-cost-calculator-uk/page.tsx(158,13): error TS1005: ')' expected.
src/app/(calculators)/ev-charging-cost-calculator-uk/page.tsx(192,5): error TS1128: Declaration or statement expected.
src/app/(calculators)/flat-roof-replacement-cost-calculator-uk/page.tsx(182,13): error TS1005: ')' expected.
src/app/(calculators)/flat-roof-replacement-cost-calculator-uk/page.tsx(216,5): error TS1128: Declaration or statement expected.
src/app/(calculators)/heat-pump-cost-calculator-uk/page.tsx(153,13): error TS1005: ')' expected.
src/app/(calculators)/heat-pump-cost-calculator-uk/page.tsx(187,5): error TS1128: Declaration or statement expected.
src/app/(calculators)/soffit-and-fascia-cost-calculator/page.tsx(155,13): error TS1005: ')' expected.
src/app/(calculators)/soffit-and-fascia-cost-calculator/page.tsx(189,5): error TS1128: Declaration or statement expected.
src/app/(calculators)/tattoo-cost-calculator-uk/page.tsx(148,13): error TS1005: ')' expected.
src/app/(calculators)/tattoo-cost-calculator-uk/page.tsx(182,5): error TS1128: Declaration or statement expected.
src/app/(calculators)/taxi-fare-calculator-uk/page.tsx(156,13): error TS1005: ')' expected.
src/app/(calculators)/taxi-fare-calculator-uk/page.tsx(190,5): error TS1128: Declaration or statement expected.
src/app/(calculators)/tree-removal-cost-calculator-uk/page.tsx(165,13): error TS1005: ')' expected.
src/app/(calculators)/tree-removal-cost-calculator-uk/page.tsx(199,5): error TS1128: Declaration or statement expected.
src/app/(calculators)/university-grade-calculator-uk/page.tsx(156,13): error TS1005: ')' expected.
src/app/(calculators)/university-grade-calculator-uk/page.tsx(190,5): error TS1128: Declaration or statement expected.
