src/app/(calculators)/portfolio-return-calculator-uk/calculator.tsx(7,22): error TS2307: Cannot find module '@/components/ui/card' or its corresponding type declarations.
src/app/(calculators)/portfolio-return-calculator-uk/calculator.tsx(8,23): error TS2307: Cannot find module '@/components/ui/input' or its corresponding type declarations.
src/app/(calculators)/portfolio-return-calculator-uk/calculator.tsx(9,23): error TS2307: Cannot find module '@/components/ui/label' or its corresponding type declarations.
src/app/(calculators)/portfolio-return-calculator-uk/calculator.tsx(10,24): error TS2307: Cannot find module '@/components/ui/button' or its corresponding type declarations.
src/app/(calculators)/portfolio-return-calculator-uk/calculator.tsx(11,80): error TS2307: Cannot find module '@/components/ui/form' or its corresponding type declarations.
src/app/(calculators)/portfolio-return-calculator-uk/calculator.tsx(13,32): error TS2307: Cannot find module '@/components/calculator-card' or its corresponding type declarations.
src/app/(calculators)/portfolio-return-calculator-uk/calculator.tsx(14,58): error TS2307: Cannot find module '@/components/ui/tabs' or its corresponding type declarations.
src/app/(calculators)/portfolio-return-calculator-uk/page.tsx(2,30): error TS2307: Cannot find module '@/components/ui/faq-accordion' or its corresponding type declarations.
